  basics.cpp
D:\UltimateFolder0\Gallery-Y\projects\GlassVr\GlassVrDriverCode\HmdVr\samples\driver_sample\basics.h(4,10): error C1083: Cannot open include file: 'openvr_driver.h': No such file or directory
  (compiling source file 'samples/driver_sample/basics.cpp')
  
  csamplecontrollerdriver.cpp
D:\UltimateFolder0\Gallery-Y\projects\GlassVr\GlassVrDriverCode\HmdVr\samples\driver_sample\csamplecontrollerdriver.h(4,10): error C1083: Cannot open include file: 'openvr_driver.h': No such file or directory
  (compiling source file 'samples/driver_sample/csamplecontrollerdriver.cpp')
  
  csampledevicedriver.cpp
D:\UltimateFolder0\Gallery-Y\projects\GlassVr\GlassVrDriverCode\HmdVr\samples\driver_sample\csampledevicedriver.h(4,10): error C1083: Cannot open include file: 'openvr_driver.h': No such file or directory
  (compiling source file 'samples/driver_sample/csampledevicedriver.cpp')
  
  cserverdriver_sample.cpp
D:\UltimateFolder0\Gallery-Y\projects\GlassVr\GlassVrDriverCode\HmdVr\samples\driver_sample\cserverdriver_sample.h(4,10): error C1083: Cannot open include file: 'openvr_driver.h': No such file or directory
  (compiling source file 'samples/driver_sample/cserverdriver_sample.cpp')
  
  cwatchdogdriver_sample.cpp
D:\UltimateFolder0\Gallery-Y\projects\GlassVr\GlassVrDriverCode\HmdVr\samples\driver_sample\cwatchdogdriver_sample.h(4,10): error C1083: Cannot open include file: 'openvr_driver.h': No such file or directory
  (compiling source file 'samples/driver_sample/cwatchdogdriver_sample.cpp')
  
  driverlog.cpp
D:\UltimateFolder0\Gallery-Y\projects\GlassVr\GlassVrDriverCode\HmdVr\samples\driver_sample\driverlog.h(9,10): error C1083: Cannot open include file: 'openvr_driver.h': No such file or directory
  (compiling source file 'samples/driver_sample/driverlog.cpp')
  
  driver_sample.cpp
D:\UltimateFolder0\Gallery-Y\projects\GlassVr\GlassVrDriverCode\HmdVr\samples\driver_sample\cserverdriver_sample.h(4,10): error C1083: Cannot open include file: 'openvr_driver.h': No such file or directory
  (compiling source file 'samples/driver_sample/driver_sample.cpp')
  
